<!-- wp:piano-block/piano {"showOnFront":true} /-->